// Jest Snapshot v1, https://goo.gl/fbAQLP

exports[`display-curriculum/Header.vue if snapshot is correct 1`] = `
<div class="row">
  <div class="col">
    <h1 class="hover-icon-container">
      Learn Vue.js
      <i role="button" class="v-icon notranslate togglable-icon v-icon--link mdi mdi-pencil-box-outline theme--light gray--text text--lighten-1"></i></h1>
    <div><button type="button" class="v-btn v-btn--flat v-btn--text theme--light v-size--small info--text"><span class="v-btn__content">Add Goal</span></button></div>
    <p class="hover-icon-container">

      <i role="button" class="v-icon notranslate togglable-icon v-icon--link mdi mdi-pencil-box-outline theme--light gray--text text--lighten-1" style="font-size: 16px;"></i></p>
  </div>
</div>
`;
